
Running Gradle task 'assembleDebug'...                          
Warning: The plugin sqlite3_flutter_libs requires Android SDK version 35 or higher.
For more information about build configuration, see https://docs.flutter.dev/deployment/android#reviewing-the-gradle-build-configuration.
One or more plugins require a higher Android SDK version.
Fix this issue by adding the following to /home/runner/work/Tapasya/Tapasya/android/app/build.gradle:
android {
  compileSdkVersion 35
  ...
}

One or more plugins require a higher Android NDK version.
Fix this issue by adding the following to /home/runner/work/Tapasya/Tapasya/android/app/build.gradle:
android {
  ndkVersion "25.1.8937393"
  ...
}

Checking the license for package Android SDK Platform 33 in /usr/local/lib/android/sdk/licenses
License for package Android SDK Platform 33 accepted.
Preparing "Install Android SDK Platform 33 (revision 3)".
"Install Android SDK Platform 33 (revision 3)" ready.
Installing Android SDK Platform 33 in /usr/local/lib/android/sdk/platforms/android-33
"Install Android SDK Platform 33 (revision 3)" complete.
"Install Android SDK Platform 33 (revision 3)" finished.

FAILURE: Build failed with an exception.

* What went wrong:
Execution failed for task ':app:processDebugResources'.
> A failure occurred while executing com.android.build.gradle.internal.res.LinkApplicationAndroidResourcesTask$TaskAction
   > Android resource linking failed
     ERROR: /home/runner/work/Tapasya/Tapasya/android/app/src/main/res/drawable/launch_background.xml:3: AAPT: error: resource color/primary_bg (aka com.tapasya.app:color/primary_bg) not found.


* Try:
> Run with --stacktrace option to get the stack trace.
> Run with --info or --debug option to get more log output.
> Run with --scan to get full insights.
> Get more help at https://help.gradle.org.

BUILD FAILED in 2m 53s
Running Gradle task 'assembleDebug'...                            174.5s
Gradle task assembleDebug failed with exit code 1
